// Jest Snapshot v1, https://goo.gl/fbAQLP

exports[`MovieCard snapshot test MovieCard should render movie 1`] = `
<article
  className="small-movie-card catalog__movies-card"
  onClick={[Function]}
  onMouseEnter={[Function]}
  onMouseLeave={[Function]}
>
  <video
    className="movie-player"
    controls={true}
    height="175"
    onClick={[Function]}
    onMouseEnter={[Function]}
    onMouseLeave={[Function]}
    width="280"
  >
    <source
      type="video/webm"
    />
    <source
      type="video/mp4"
    />
  </video>
  <h3
    className="small-movie-card__title"
  >
    <a
      className="small-movie-card__link"
      href="/movie-page/film-1"
      onClick={[Function]}
    >
      Film 1
    </a>
  </h3>
</article>
`;
